[      92ms] [LOG] [Fast Refresh] rebuilding @ http://localhost:3100/_next/static/chunks/node_modules_next_dist_7a8122d0._.js:2287
[     281ms] [LOG] [Fast Refresh] done in 290ms @ http://localhost:3100/_next/static/chunks/node_modules_next_dist_7a8122d0._.js:2287
[     558ms] [INFO] %cDownload the React DevTools for a better development experience: https://react.dev/link/react-devtools font-weight:bold @ http://localhost:3100/_next/static/chunks/node_modules_next_dist_7a8122d0._.js:2287
[     577ms] [LOG] [HMR] connected @ http://localhost:3100/_next/static/chunks/node_modules_next_dist_7a8122d0._.js:2287
[     753ms] [LOG] [Fast Refresh] rebuilding @ http://localhost:3100/_next/static/chunks/node_modules_next_dist_7a8122d0._.js:2287
[     760ms] [LOG] [Fast Refresh] done in 111ms @ http://localhost:3100/_next/static/chunks/node_modules_next_dist_7a8122d0._.js:2287
[    1902ms] [LOG] [Fast Refresh] rebuilding @ http://localhost:3100/_next/static/chunks/node_modules_next_dist_7a8122d0._.js:2287
[    1950ms] [LOG] [Fast Refresh] done in 149ms @ http://localhost:3100/_next/static/chunks/node_modules_next_dist_7a8122d0._.js:2287
[    2051ms] [LOG] [Fast Refresh] rebuilding @ http://localhost:3100/_next/static/chunks/node_modules_next_dist_7a8122d0._.js:2287
[    2183ms] [LOG] [Fast Refresh] done in 233ms @ http://localhost:3100/_next/static/chunks/node_modules_next_dist_7a8122d0._.js:2287
[    2284ms] [LOG] [Fast Refresh] rebuilding @ http://localhost:3100/_next/static/chunks/node_modules_next_dist_7a8122d0._.js:2287
[    2409ms] [LOG] [Fast Refresh] done in 225ms @ http://localhost:3100/_next/static/chunks/node_modules_next_dist_7a8122d0._.js:2287
[    4015ms] [LOG] [Fast Refresh] rebuilding @ http://localhost:3100/_next/static/chunks/node_modules_next_dist_7a8122d0._.js:2287
[    4155ms] [LOG] [Fast Refresh] done in 242ms @ http://localhost:3100/_next/static/chunks/node_modules_next_dist_7a8122d0._.js:2287
[    5718ms] [LOG] [Fast Refresh] rebuilding @ http://localhost:3100/_next/static/chunks/node_modules_next_dist_7a8122d0._.js:2287
[    5865ms] [LOG] [Fast Refresh] done in 249ms @ http://localhost:3100/_next/static/chunks/node_modules_next_dist_7a8122d0._.js:2287
[    7433ms] [LOG] [Fast Refresh] rebuilding @ http://localhost:3100/_next/static/chunks/node_modules_next_dist_7a8122d0._.js:2287
[    7564ms] [LOG] [Fast Refresh] done in 233ms @ http://localhost:3100/_next/static/chunks/node_modules_next_dist_7a8122d0._.js:2287
[    9198ms] [LOG] [Fast Refresh] rebuilding @ http://localhost:3100/_next/static/chunks/node_modules_next_dist_7a8122d0._.js:2287
[    9431ms] [LOG] [Fast Refresh] done in 334ms @ http://localhost:3100/_next/static/chunks/node_modules_next_dist_7a8122d0._.js:2287
