[    1017ms] [INFO] %cDownload the React DevTools for a better development experience: https://react.dev/link/react-devtools font-weight:bold @ http://localhost:3100/_next/static/chunks/node_modules_next_dist_7a8122d0._.js:2287
[    1083ms] [LOG] [HMR] connected @ http://localhost:3100/_next/static/chunks/node_modules_next_dist_7a8122d0._.js:2287
[    9805ms] [LOG] [Fast Refresh] rebuilding @ http://localhost:3100/_next/static/chunks/node_modules_next_dist_7a8122d0._.js:2287
[    9968ms] [LOG] [Fast Refresh] done in 264ms @ http://localhost:3100/_next/static/chunks/node_modules_next_dist_7a8122d0._.js:2287
[   10157ms] [INFO] %cDownload the React DevTools for a better development experience: https://react.dev/link/react-devtools font-weight:bold @ http://localhost:3100/_next/static/chunks/node_modules_next_dist_7a8122d0._.js:2287
[   10175ms] [LOG] [HMR] connected @ http://localhost:3100/_next/static/chunks/node_modules_next_dist_7a8122d0._.js:2287
[   88328ms] [LOG] [Fast Refresh] rebuilding @ http://localhost:3100/_next/static/chunks/node_modules_next_dist_7a8122d0._.js:2287
[   88342ms] [LOG] [Fast Refresh] done in 115ms @ http://localhost:3100/_next/static/chunks/node_modules_next_dist_7a8122d0._.js:2287
[   88558ms] [INFO] %cDownload the React DevTools for a better development experience: https://react.dev/link/react-devtools font-weight:bold @ http://localhost:3100/_next/static/chunks/node_modules_next_dist_7a8122d0._.js:2287
[   88575ms] [LOG] [HMR] connected @ http://localhost:3100/_next/static/chunks/node_modules_next_dist_7a8122d0._.js:2287
[   99030ms] [LOG] [Fast Refresh] rebuilding @ http://localhost:3100/_next/static/chunks/node_modules_next_dist_7a8122d0._.js:2287
[  100031ms] [LOG] [Fast Refresh] done in 1102ms @ http://localhost:3100/_next/static/chunks/node_modules_next_dist_7a8122d0._.js:2287
[  100136ms] [LOG] [Fast Refresh] rebuilding @ http://localhost:3100/_next/static/chunks/node_modules_next_dist_7a8122d0._.js:2287
[  100147ms] [LOG] [Fast Refresh] done in 113ms @ http://localhost:3100/_next/static/chunks/node_modules_next_dist_7a8122d0._.js:2287
[  103309ms] [LOG] [Fast Refresh] rebuilding @ http://localhost:3100/_next/static/chunks/node_modules_next_dist_7a8122d0._.js:2287
[  103652ms] [LOG] [Fast Refresh] done in 444ms @ http://localhost:3100/_next/static/chunks/node_modules_next_dist_7a8122d0._.js:2287
[  104033ms] [LOG] [Fast Refresh] rebuilding @ http://localhost:3100/_next/static/chunks/node_modules_next_dist_7a8122d0._.js:2287
[  104033ms] [LOG] [Fast Refresh] done in 102ms @ http://localhost:3100/_next/static/chunks/node_modules_next_dist_7a8122d0._.js:2287
[  105380ms] [LOG] [Fast Refresh] rebuilding @ http://localhost:3100/_next/static/chunks/node_modules_next_dist_7a8122d0._.js:2287
[  105575ms] [LOG] [Fast Refresh] done in 295ms @ http://localhost:3100/_next/static/chunks/node_modules_next_dist_7a8122d0._.js:2287
[  107149ms] [LOG] [Fast Refresh] rebuilding @ http://localhost:3100/_next/static/chunks/node_modules_next_dist_7a8122d0._.js:2287
[  107348ms] [LOG] [Fast Refresh] done in 300ms @ http://localhost:3100/_next/static/chunks/node_modules_next_dist_7a8122d0._.js:2287
[  108923ms] [LOG] [Fast Refresh] rebuilding @ http://localhost:3100/_next/static/chunks/node_modules_next_dist_7a8122d0._.js:2287
[  109180ms] [LOG] [Fast Refresh] done in 358ms @ http://localhost:3100/_next/static/chunks/node_modules_next_dist_7a8122d0._.js:2287
[  110829ms] [LOG] [Fast Refresh] rebuilding @ http://localhost:3100/_next/static/chunks/node_modules_next_dist_7a8122d0._.js:2287
[  111007ms] [LOG] [Fast Refresh] done in 279ms @ http://localhost:3100/_next/static/chunks/node_modules_next_dist_7a8122d0._.js:2287
[  112583ms] [LOG] [Fast Refresh] rebuilding @ http://localhost:3100/_next/static/chunks/node_modules_next_dist_7a8122d0._.js:2287
[  112762ms] [LOG] [Fast Refresh] done in 281ms @ http://localhost:3100/_next/static/chunks/node_modules_next_dist_7a8122d0._.js:2287
[  114340ms] [LOG] [Fast Refresh] rebuilding @ http://localhost:3100/_next/static/chunks/node_modules_next_dist_7a8122d0._.js:2287
[  114543ms] [LOG] [Fast Refresh] done in 304ms @ http://localhost:3100/_next/static/chunks/node_modules_next_dist_7a8122d0._.js:2287
[  116102ms] [LOG] [Fast Refresh] rebuilding @ http://localhost:3100/_next/static/chunks/node_modules_next_dist_7a8122d0._.js:2287
[  116235ms] [LOG] [Fast Refresh] done in 234ms @ http://localhost:3100/_next/static/chunks/node_modules_next_dist_7a8122d0._.js:2287
[  117794ms] [LOG] [Fast Refresh] rebuilding @ http://localhost:3100/_next/static/chunks/node_modules_next_dist_7a8122d0._.js:2287
[  117922ms] [LOG] [Fast Refresh] done in 230ms @ http://localhost:3100/_next/static/chunks/node_modules_next_dist_7a8122d0._.js:2287
[  119484ms] [LOG] [Fast Refresh] rebuilding @ http://localhost:3100/_next/static/chunks/node_modules_next_dist_7a8122d0._.js:2287
[  119680ms] [LOG] [Fast Refresh] done in 298ms @ http://localhost:3100/_next/static/chunks/node_modules_next_dist_7a8122d0._.js:2287
[  119782ms] [LOG] [Fast Refresh] rebuilding @ http://localhost:3100/_next/static/chunks/node_modules_next_dist_7a8122d0._.js:2287
[  120035ms] [LOG] [Fast Refresh] done in 354ms @ http://localhost:3100/_next/static/chunks/node_modules_next_dist_7a8122d0._.js:2287
[  121644ms] [LOG] [Fast Refresh] rebuilding @ http://localhost:3100/_next/static/chunks/node_modules_next_dist_7a8122d0._.js:2287
[  121826ms] [LOG] [Fast Refresh] done in 284ms @ http://localhost:3100/_next/static/chunks/node_modules_next_dist_7a8122d0._.js:2287
[  123519ms] [LOG] [Fast Refresh] rebuilding @ http://localhost:3100/_next/static/chunks/node_modules_next_dist_7a8122d0._.js:2287
[  123714ms] [LOG] [Fast Refresh] done in 297ms @ http://localhost:3100/_next/static/chunks/node_modules_next_dist_7a8122d0._.js:2287
[  125319ms] [LOG] [Fast Refresh] rebuilding @ http://localhost:3100/_next/static/chunks/node_modules_next_dist_7a8122d0._.js:2287
[  125570ms] [LOG] [Fast Refresh] done in 353ms @ http://localhost:3100/_next/static/chunks/node_modules_next_dist_7a8122d0._.js:2287
[  127180ms] [LOG] [Fast Refresh] rebuilding @ http://localhost:3100/_next/static/chunks/node_modules_next_dist_7a8122d0._.js:2287
[  127318ms] [LOG] [Fast Refresh] done in 240ms @ http://localhost:3100/_next/static/chunks/node_modules_next_dist_7a8122d0._.js:2287
[  128888ms] [LOG] [Fast Refresh] rebuilding @ http://localhost:3100/_next/static/chunks/node_modules_next_dist_7a8122d0._.js:2287
[  129020ms] [LOG] [Fast Refresh] done in 234ms @ http://localhost:3100/_next/static/chunks/node_modules_next_dist_7a8122d0._.js:2287
[  130658ms] [LOG] [Fast Refresh] rebuilding @ http://localhost:3100/_next/static/chunks/node_modules_next_dist_7a8122d0._.js:2287
[  130864ms] [LOG] [Fast Refresh] done in 308ms @ http://localhost:3100/_next/static/chunks/node_modules_next_dist_7a8122d0._.js:2287
[  132486ms] [LOG] [Fast Refresh] rebuilding @ http://localhost:3100/_next/static/chunks/node_modules_next_dist_7a8122d0._.js:2287
[  132752ms] [LOG] [Fast Refresh] done in 366ms @ http://localhost:3100/_next/static/chunks/node_modules_next_dist_7a8122d0._.js:2287
[  134337ms] [LOG] [Fast Refresh] rebuilding @ http://localhost:3100/_next/static/chunks/node_modules_next_dist_7a8122d0._.js:2287
[  134500ms] [LOG] [Fast Refresh] done in 265ms @ http://localhost:3100/_next/static/chunks/node_modules_next_dist_7a8122d0._.js:2287
[  139809ms] [LOG] [Fast Refresh] rebuilding @ http://localhost:3100/_next/static/chunks/node_modules_next_dist_7a8122d0._.js:2287
[  140107ms] [LOG] [Fast Refresh] done in 399ms @ http://localhost:3100/_next/static/chunks/node_modules_next_dist_7a8122d0._.js:2287
[  140863ms] [LOG] [Fast Refresh] rebuilding @ http://localhost:3100/_next/static/chunks/node_modules_next_dist_7a8122d0._.js:2287
[  141016ms] [LOG] [Fast Refresh] done in 254ms @ http://localhost:3100/_next/static/chunks/node_modules_next_dist_7a8122d0._.js:2287
[  141386ms] [LOG] [Fast Refresh] rebuilding @ http://localhost:3100/_next/static/chunks/node_modules_next_dist_7a8122d0._.js:2287
[  141490ms] [LOG] [Fast Refresh] done in 206ms @ http://localhost:3100/_next/static/chunks/node_modules_next_dist_7a8122d0._.js:2287
[  143772ms] [LOG] [Fast Refresh] rebuilding @ http://localhost:3100/_next/static/chunks/node_modules_next_dist_7a8122d0._.js:2287
[  143791ms] [LOG] [Fast Refresh] done in 120ms @ http://localhost:3100/_next/static/chunks/node_modules_next_dist_7a8122d0._.js:2287
[  144732ms] [LOG] [Fast Refresh] rebuilding @ http://localhost:3100/_next/static/chunks/node_modules_next_dist_7a8122d0._.js:2287
[  144746ms] [LOG] [Fast Refresh] done in 115ms @ http://localhost:3100/_next/static/chunks/node_modules_next_dist_7a8122d0._.js:2287
[  144920ms] [LOG] [Fast Refresh] rebuilding @ http://localhost:3100/_next/static/chunks/node_modules_next_dist_7a8122d0._.js:2287
[  144971ms] [LOG] [Fast Refresh] done in 152ms @ http://localhost:3100/_next/static/chunks/node_modules_next_dist_7a8122d0._.js:2287
[  145917ms] [LOG] [Fast Refresh] rebuilding @ http://localhost:3100/_next/static/chunks/node_modules_next_dist_7a8122d0._.js:2287
[  145965ms] [LOG] [Fast Refresh] done in 150ms @ http://localhost:3100/_next/static/chunks/node_modules_next_dist_7a8122d0._.js:2287
[  146398ms] [LOG] [Fast Refresh] rebuilding @ http://localhost:3100/_next/static/chunks/node_modules_next_dist_7a8122d0._.js:2287
[  146659ms] [LOG] [Fast Refresh] done in 361ms @ http://localhost:3100/_next/static/chunks/node_modules_next_dist_7a8122d0._.js:2287
[  146761ms] [LOG] [Fast Refresh] rebuilding @ http://localhost:3100/_next/static/chunks/node_modules_next_dist_7a8122d0._.js:2287
[  146949ms] [LOG] [Fast Refresh] done in 290ms @ http://localhost:3100/_next/static/chunks/node_modules_next_dist_7a8122d0._.js:2287
[  147418ms] [LOG] [Fast Refresh] rebuilding @ http://localhost:3100/_next/static/chunks/node_modules_next_dist_7a8122d0._.js:2287
[  147428ms] [LOG] [Fast Refresh] done in 111ms @ http://localhost:3100/_next/static/chunks/node_modules_next_dist_7a8122d0._.js:2287
[  148570ms] [LOG] [Fast Refresh] rebuilding @ http://localhost:3100/_next/static/chunks/node_modules_next_dist_7a8122d0._.js:2287
[  148618ms] [LOG] [Fast Refresh] done in 149ms @ http://localhost:3100/_next/static/chunks/node_modules_next_dist_7a8122d0._.js:2287
[  148718ms] [LOG] [Fast Refresh] rebuilding @ http://localhost:3100/_next/static/chunks/node_modules_next_dist_7a8122d0._.js:2287
[  148851ms] [LOG] [Fast Refresh] done in 233ms @ http://localhost:3100/_next/static/chunks/node_modules_next_dist_7a8122d0._.js:2287
[  148952ms] [LOG] [Fast Refresh] rebuilding @ http://localhost:3100/_next/static/chunks/node_modules_next_dist_7a8122d0._.js:2287
[  149076ms] [LOG] [Fast Refresh] done in 225ms @ http://localhost:3100/_next/static/chunks/node_modules_next_dist_7a8122d0._.js:2287
[  150683ms] [LOG] [Fast Refresh] rebuilding @ http://localhost:3100/_next/static/chunks/node_modules_next_dist_7a8122d0._.js:2287
[  150823ms] [LOG] [Fast Refresh] done in 242ms @ http://localhost:3100/_next/static/chunks/node_modules_next_dist_7a8122d0._.js:2287
[  152385ms] [LOG] [Fast Refresh] rebuilding @ http://localhost:3100/_next/static/chunks/node_modules_next_dist_7a8122d0._.js:2287
[  152533ms] [LOG] [Fast Refresh] done in 250ms @ http://localhost:3100/_next/static/chunks/node_modules_next_dist_7a8122d0._.js:2287
[  154100ms] [LOG] [Fast Refresh] rebuilding @ http://localhost:3100/_next/static/chunks/node_modules_next_dist_7a8122d0._.js:2287
[  154232ms] [LOG] [Fast Refresh] done in 233ms @ http://localhost:3100/_next/static/chunks/node_modules_next_dist_7a8122d0._.js:2287
[  155866ms] [LOG] [Fast Refresh] rebuilding @ http://localhost:3100/_next/static/chunks/node_modules_next_dist_7a8122d0._.js:2287
[  156099ms] [LOG] [Fast Refresh] done in 334ms @ http://localhost:3100/_next/static/chunks/node_modules_next_dist_7a8122d0._.js:2287
[  157509ms] [LOG] [Fast Refresh] rebuilding @ http://localhost:3100/_next/static/chunks/node_modules_next_dist_7a8122d0._.js:2287
[  157532ms] [LOG] [Fast Refresh] done in 124ms @ http://localhost:3100/_next/static/chunks/node_modules_next_dist_7a8122d0._.js:2287
[  157753ms] [LOG] [Fast Refresh] rebuilding @ http://localhost:3100/_next/static/chunks/node_modules_next_dist_7a8122d0._.js:2287
[  158233ms] [LOG] [Fast Refresh] done in 581ms @ http://localhost:3100/_next/static/chunks/node_modules_next_dist_7a8122d0._.js:2287
[  158593ms] [LOG] [Fast Refresh] rebuilding @ http://localhost:3100/_next/static/chunks/node_modules_next_dist_7a8122d0._.js:2287
[  158650ms] [LOG] [Fast Refresh] done in 158ms @ http://localhost:3100/_next/static/chunks/node_modules_next_dist_7a8122d0._.js:2287
[  158819ms] [LOG] [Fast Refresh] rebuilding @ http://localhost:3100/_next/static/chunks/node_modules_next_dist_7a8122d0._.js:2287
[  158868ms] [LOG] [Fast Refresh] done in 150ms @ http://localhost:3100/_next/static/chunks/node_modules_next_dist_7a8122d0._.js:2287
[  160017ms] [LOG] [Fast Refresh] rebuilding @ http://localhost:3100/_next/static/chunks/node_modules_next_dist_7a8122d0._.js:2287
[  160779ms] [LOG] [Fast Refresh] done in 862ms @ http://localhost:3100/_next/static/chunks/node_modules_next_dist_7a8122d0._.js:2287
[  161104ms] [LOG] [Fast Refresh] rebuilding @ http://localhost:3100/_next/static/chunks/node_modules_next_dist_7a8122d0._.js:2287
[  161235ms] [LOG] [Fast Refresh] done in 233ms @ http://localhost:3100/_next/static/chunks/node_modules_next_dist_7a8122d0._.js:2287
[  161619ms] [LOG] [Fast Refresh] rebuilding @ http://localhost:3100/_next/static/chunks/node_modules_next_dist_7a8122d0._.js:2287
[  161678ms] [LOG] [Fast Refresh] done in 160ms @ http://localhost:3100/_next/static/chunks/node_modules_next_dist_7a8122d0._.js:2287
[  162512ms] [LOG] [Fast Refresh] rebuilding @ http://localhost:3100/_next/static/chunks/node_modules_next_dist_7a8122d0._.js:2287
[  162987ms] [LOG] [Fast Refresh] done in 575ms @ http://localhost:3100/_next/static/chunks/node_modules_next_dist_7a8122d0._.js:2287
[  163088ms] [LOG] [Fast Refresh] rebuilding @ http://localhost:3100/_next/static/chunks/node_modules_next_dist_7a8122d0._.js:2287
[  163110ms] [LOG] [Fast Refresh] done in 123ms @ http://localhost:3100/_next/static/chunks/node_modules_next_dist_7a8122d0._.js:2287
[  163454ms] [LOG] [Fast Refresh] rebuilding @ http://localhost:3100/_next/static/chunks/node_modules_next_dist_7a8122d0._.js:2287
[  163511ms] [LOG] [Fast Refresh] done in 158ms @ http://localhost:3100/_next/static/chunks/node_modules_next_dist_7a8122d0._.js:2287
[  164455ms] [LOG] [Fast Refresh] rebuilding @ http://localhost:3100/_next/static/chunks/node_modules_next_dist_7a8122d0._.js:2287
[  164503ms] [LOG] [Fast Refresh] done in 149ms @ http://localhost:3100/_next/static/chunks/node_modules_next_dist_7a8122d0._.js:2287
[  164792ms] [LOG] [Fast Refresh] rebuilding @ http://localhost:3100/_next/static/chunks/node_modules_next_dist_7a8122d0._.js:2287
[  165124ms] [LOG] [Fast Refresh] done in 434ms @ http://localhost:3100/_next/static/chunks/node_modules_next_dist_7a8122d0._.js:2287
[  165487ms] [LOG] [Fast Refresh] rebuilding @ http://localhost:3100/_next/static/chunks/node_modules_next_dist_7a8122d0._.js:2287
[  165527ms] [LOG] [Fast Refresh] done in 141ms @ http://localhost:3100/_next/static/chunks/node_modules_next_dist_7a8122d0._.js:2287
[  166817ms] [LOG] [Fast Refresh] rebuilding @ http://localhost:3100/_next/static/chunks/node_modules_next_dist_7a8122d0._.js:2287
[  166954ms] [LOG] [Fast Refresh] done in 239ms @ http://localhost:3100/_next/static/chunks/node_modules_next_dist_7a8122d0._.js:2287
[  215124ms] [LOG] [Fast Refresh] rebuilding @ http://localhost:3100/_next/static/chunks/node_modules_next_dist_7a8122d0._.js:2287
[  215172ms] [LOG] [Fast Refresh] done in 150ms @ http://localhost:3100/_next/static/chunks/node_modules_next_dist_7a8122d0._.js:2287
[  226508ms] [LOG] [Fast Refresh] rebuilding @ http://localhost:3100/_next/static/chunks/node_modules_next_dist_7a8122d0._.js:2287
[  226760ms] [LOG] [Fast Refresh] done in 353ms @ http://localhost:3100/_next/static/chunks/node_modules_next_dist_7a8122d0._.js:2287
[  229514ms] [LOG] [Fast Refresh] rebuilding @ http://localhost:3100/_next/static/chunks/node_modules_next_dist_7a8122d0._.js:2287
[  229734ms] [LOG] [Fast Refresh] done in 321ms @ http://localhost:3100/_next/static/chunks/node_modules_next_dist_7a8122d0._.js:2287
[  230950ms] [LOG] [Fast Refresh] rebuilding @ http://localhost:3100/_next/static/chunks/node_modules_next_dist_7a8122d0._.js:2287
[  231113ms] [LOG] [Fast Refresh] done in 265ms @ http://localhost:3100/_next/static/chunks/node_modules_next_dist_7a8122d0._.js:2287
[  231620ms] [LOG] [Fast Refresh] rebuilding @ http://localhost:3100/_next/static/chunks/node_modules_next_dist_7a8122d0._.js:2287
[  231623ms] [LOG] [Fast Refresh] done in 104ms @ http://localhost:3100/_next/static/chunks/node_modules_next_dist_7a8122d0._.js:2287
[  410123ms] [LOG] [Fast Refresh] rebuilding @ http://localhost:3100/_next/static/chunks/node_modules_next_dist_7a8122d0._.js:2287
[  410363ms] [LOG] [Fast Refresh] done in 259ms @ http://localhost:3100/_next/static/chunks/node_modules_next_dist_7a8122d0._.js:2287
[  419355ms] [LOG] [Fast Refresh] rebuilding @ http://localhost:3100/_next/static/chunks/node_modules_next_dist_7a8122d0._.js:2287
[  419382ms] [LOG] [Fast Refresh] done in 105ms @ http://localhost:3100/_next/static/chunks/node_modules_next_dist_7a8122d0._.js:2287
[  448481ms] [LOG] [Fast Refresh] rebuilding @ http://localhost:3100/_next/static/chunks/node_modules_next_dist_7a8122d0._.js:2287
[  448568ms] [LOG] [Fast Refresh] done in 191ms @ http://localhost:3100/_next/static/chunks/node_modules_next_dist_7a8122d0._.js:2287
[  466300ms] [LOG] [Fast Refresh] rebuilding @ http://localhost:3100/_next/static/chunks/node_modules_next_dist_7a8122d0._.js:2287
[  466633ms] [LOG] [Fast Refresh] done in 436ms @ http://localhost:3100/_next/static/chunks/node_modules_next_dist_7a8122d0._.js:2287
[  467476ms] [LOG] [Fast Refresh] rebuilding @ http://localhost:3100/_next/static/chunks/node_modules_next_dist_7a8122d0._.js:2287
[  467702ms] [LOG] [Fast Refresh] done in 327ms @ http://localhost:3100/_next/static/chunks/node_modules_next_dist_7a8122d0._.js:2287
[  467916ms] [LOG] [Fast Refresh] rebuilding @ http://localhost:3100/_next/static/chunks/node_modules_next_dist_7a8122d0._.js:2287
[  467930ms] [LOG] [Fast Refresh] done in 117ms @ http://localhost:3100/_next/static/chunks/node_modules_next_dist_7a8122d0._.js:2287
[  473408ms] [LOG] [Fast Refresh] rebuilding @ http://localhost:3100/_next/static/chunks/node_modules_next_dist_7a8122d0._.js:2287
[  473496ms] [LOG] [Fast Refresh] done in 190ms @ http://localhost:3100/_next/static/chunks/node_modules_next_dist_7a8122d0._.js:2287
[  597091ms] [LOG] [Fast Refresh] rebuilding @ http://localhost:3100/_next/static/chunks/node_modules_next_dist_7a8122d0._.js:2287
[  597174ms] [LOG] [Fast Refresh] done in 184ms @ http://localhost:3100/_next/static/chunks/node_modules_next_dist_7a8122d0._.js:2287
[  635742ms] [LOG] [Fast Refresh] rebuilding @ http://localhost:3100/_next/static/chunks/node_modules_next_dist_7a8122d0._.js:2287
[  635760ms] [LOG] [Fast Refresh] done in 120ms @ http://localhost:3100/_next/static/chunks/node_modules_next_dist_7a8122d0._.js:2287
[  637503ms] [LOG] [Fast Refresh] rebuilding @ http://localhost:3100/_next/static/chunks/node_modules_next_dist_7a8122d0._.js:2287
[  637528ms] [LOG] [Fast Refresh] done in 128ms @ http://localhost:3100/_next/static/chunks/node_modules_next_dist_7a8122d0._.js:2287
[  656221ms] [LOG] [Fast Refresh] rebuilding @ http://localhost:3100/_next/static/chunks/node_modules_next_dist_7a8122d0._.js:2287
[  656264ms] [LOG] [Fast Refresh] done in 146ms @ http://localhost:3100/_next/static/chunks/node_modules_next_dist_7a8122d0._.js:2287
[  674287ms] [LOG] [Fast Refresh] rebuilding @ http://localhost:3100/_next/static/chunks/node_modules_next_dist_7a8122d0._.js:2287
[  675019ms] [LOG] [Fast Refresh] done in 836ms @ http://localhost:3100/_next/static/chunks/node_modules_next_dist_7a8122d0._.js:2287
[  679455ms] [LOG] [Fast Refresh] rebuilding @ http://localhost:3100/_next/static/chunks/node_modules_next_dist_7a8122d0._.js:2287
[  679624ms] [LOG] [Fast Refresh] done in 270ms @ http://localhost:3100/_next/static/chunks/node_modules_next_dist_7a8122d0._.js:2287
[  681743ms] [LOG] [Fast Refresh] rebuilding @ http://localhost:3100/_next/static/chunks/node_modules_next_dist_7a8122d0._.js:2287
[  681919ms] [LOG] [Fast Refresh] done in 277ms @ http://localhost:3100/_next/static/chunks/node_modules_next_dist_7a8122d0._.js:2287
[  682095ms] [LOG] [Fast Refresh] rebuilding @ http://localhost:3100/_next/static/chunks/node_modules_next_dist_7a8122d0._.js:2287
[  682121ms] [LOG] [Fast Refresh] done in 129ms @ http://localhost:3100/_next/static/chunks/node_modules_next_dist_7a8122d0._.js:2287
[  690720ms] [LOG] [Fast Refresh] rebuilding @ http://localhost:3100/_next/static/chunks/node_modules_next_dist_7a8122d0._.js:2287
[  692821ms] [LOG] [Fast Refresh] done in 2204ms @ http://localhost:3100/_next/static/chunks/node_modules_next_dist_7a8122d0._.js:2287
[  694756ms] [LOG] [Fast Refresh] rebuilding @ http://localhost:3100/_next/static/chunks/node_modules_next_dist_7a8122d0._.js:2287
[  694832ms] [LOG] [Fast Refresh] done in 178ms @ http://localhost:3100/_next/static/chunks/node_modules_next_dist_7a8122d0._.js:2287
[  696740ms] [LOG] [Fast Refresh] rebuilding @ http://localhost:3100/_next/static/chunks/node_modules_next_dist_7a8122d0._.js:2287
[  696884ms] [LOG] [Fast Refresh] done in 244ms @ http://localhost:3100/_next/static/chunks/node_modules_next_dist_7a8122d0._.js:2287
[  698696ms] [LOG] [Fast Refresh] rebuilding @ http://localhost:3100/_next/static/chunks/node_modules_next_dist_7a8122d0._.js:2287
[  698717ms] [LOG] [Fast Refresh] done in 123ms @ http://localhost:3100/_next/static/chunks/node_modules_next_dist_7a8122d0._.js:2287
[  703440ms] [LOG] [Fast Refresh] rebuilding @ http://localhost:3100/_next/static/chunks/node_modules_next_dist_7a8122d0._.js:2287
[  707250ms] [LOG] [Fast Refresh] done in 3913ms @ http://localhost:3100/_next/static/chunks/node_modules_next_dist_7a8122d0._.js:2287
[  707485ms] [LOG] [Fast Refresh] rebuilding @ http://localhost:3100/_next/static/chunks/node_modules_next_dist_7a8122d0._.js:2287
[  708220ms] [LOG] [Fast Refresh] done in 836ms @ http://localhost:3100/_next/static/chunks/node_modules_next_dist_7a8122d0._.js:2287
[  717222ms] [LOG] [Fast Refresh] rebuilding @ http://localhost:3100/_next/static/chunks/node_modules_next_dist_7a8122d0._.js:2287
[  717317ms] [LOG] [Fast Refresh] done in 198ms @ http://localhost:3100/_next/static/chunks/node_modules_next_dist_7a8122d0._.js:2287
[  718271ms] [LOG] [Fast Refresh] rebuilding @ http://localhost:3100/_next/static/chunks/node_modules_next_dist_7a8122d0._.js:2287
[  718409ms] [LOG] [Fast Refresh] done in 239ms @ http://localhost:3100/_next/static/chunks/node_modules_next_dist_7a8122d0._.js:2287
[  719943ms] [LOG] [Fast Refresh] rebuilding @ http://localhost:3100/_next/static/chunks/node_modules_next_dist_7a8122d0._.js:2287
[  719966ms] [LOG] [Fast Refresh] done in 125ms @ http://localhost:3100/_next/static/chunks/node_modules_next_dist_7a8122d0._.js:2287
[  728654ms] [LOG] [Fast Refresh] rebuilding @ http://localhost:3100/_next/static/chunks/node_modules_next_dist_7a8122d0._.js:2287
[  728686ms] [LOG] [Fast Refresh] done in 136ms @ http://localhost:3100/_next/static/chunks/node_modules_next_dist_7a8122d0._.js:2287
[  730122ms] [LOG] [Fast Refresh] rebuilding @ http://localhost:3100/_next/static/chunks/node_modules_next_dist_7a8122d0._.js:2287
[  730123ms] [LOG] [Fast Refresh] done in 101ms @ http://localhost:3100/_next/static/chunks/node_modules_next_dist_7a8122d0._.js:2287
[  730612ms] [LOG] [Fast Refresh] rebuilding @ http://localhost:3100/_next/static/chunks/node_modules_next_dist_7a8122d0._.js:2287
[  730624ms] [LOG] [Fast Refresh] done in 112ms @ http://localhost:3100/_next/static/chunks/node_modules_next_dist_7a8122d0._.js:2287
[  736228ms] [LOG] [Fast Refresh] rebuilding @ http://localhost:3100/_next/static/chunks/node_modules_next_dist_7a8122d0._.js:2287
[  736233ms] [LOG] [Fast Refresh] done in 108ms @ http://localhost:3100/_next/static/chunks/node_modules_next_dist_7a8122d0._.js:2287
[  736883ms] [LOG] [Fast Refresh] rebuilding @ http://localhost:3100/_next/static/chunks/node_modules_next_dist_7a8122d0._.js:2287
[  736889ms] [LOG] [Fast Refresh] done in 109ms @ http://localhost:3100/_next/static/chunks/node_modules_next_dist_7a8122d0._.js:2287
[  737851ms] [LOG] [Fast Refresh] rebuilding @ http://localhost:3100/_next/static/chunks/node_modules_next_dist_7a8122d0._.js:2287
[  737893ms] [LOG] [Fast Refresh] done in 142ms @ http://localhost:3100/_next/static/chunks/node_modules_next_dist_7a8122d0._.js:2287
[  743103ms] [LOG] [Fast Refresh] rebuilding @ http://localhost:3100/_next/static/chunks/node_modules_next_dist_7a8122d0._.js:2287
[  743109ms] [LOG] [Fast Refresh] done in 110ms @ http://localhost:3100/_next/static/chunks/node_modules_next_dist_7a8122d0._.js:2287
[  743893ms] [LOG] [Fast Refresh] rebuilding @ http://localhost:3100/_next/static/chunks/node_modules_next_dist_7a8122d0._.js:2287
[  743927ms] [LOG] [Fast Refresh] done in 137ms @ http://localhost:3100/_next/static/chunks/node_modules_next_dist_7a8122d0._.js:2287
[  755150ms] [LOG] [Fast Refresh] rebuilding @ http://localhost:3100/_next/static/chunks/node_modules_next_dist_7a8122d0._.js:2287
[  755214ms] [LOG] [Fast Refresh] done in 167ms @ http://localhost:3100/_next/static/chunks/node_modules_next_dist_7a8122d0._.js:2287
[  755766ms] [LOG] [Fast Refresh] rebuilding @ http://localhost:3100/_next/static/chunks/node_modules_next_dist_7a8122d0._.js:2287
[  755780ms] [LOG] [Fast Refresh] done in 116ms @ http://localhost:3100/_next/static/chunks/node_modules_next_dist_7a8122d0._.js:2287
[  758984ms] [LOG] [Fast Refresh] rebuilding @ http://localhost:3100/_next/static/chunks/node_modules_next_dist_7a8122d0._.js:2287
[  759025ms] [LOG] [Fast Refresh] done in 144ms @ http://localhost:3100/_next/static/chunks/node_modules_next_dist_7a8122d0._.js:2287
[  760962ms] [LOG] [Fast Refresh] rebuilding @ http://localhost:3100/_next/static/chunks/node_modules_next_dist_7a8122d0._.js:2287
[  760998ms] [LOG] [Fast Refresh] done in 136ms @ http://localhost:3100/_next/static/chunks/node_modules_next_dist_7a8122d0._.js:2287
[  763928ms] [LOG] [Fast Refresh] rebuilding @ http://localhost:3100/_next/static/chunks/node_modules_next_dist_7a8122d0._.js:2287
[  763954ms] [LOG] [Fast Refresh] done in 128ms @ http://localhost:3100/_next/static/chunks/node_modules_next_dist_7a8122d0._.js:2287
[  765906ms] [LOG] [Fast Refresh] rebuilding @ http://localhost:3100/_next/static/chunks/node_modules_next_dist_7a8122d0._.js:2287
[  765943ms] [LOG] [Fast Refresh] done in 140ms @ http://localhost:3100/_next/static/chunks/node_modules_next_dist_7a8122d0._.js:2287
[  768747ms] [LOG] [Fast Refresh] rebuilding @ http://localhost:3100/_next/static/chunks/node_modules_next_dist_7a8122d0._.js:2287
[  768882ms] [LOG] [Fast Refresh] done in 237ms @ http://localhost:3100/_next/static/chunks/node_modules_next_dist_7a8122d0._.js:2287
[  769674ms] [LOG] [Fast Refresh] rebuilding @ http://localhost:3100/_next/static/chunks/node_modules_next_dist_7a8122d0._.js:2287
[  769718ms] [LOG] [Fast Refresh] done in 145ms @ http://localhost:3100/_next/static/chunks/node_modules_next_dist_7a8122d0._.js:2287
[  770079ms] [LOG] [Fast Refresh] rebuilding @ http://localhost:3100/_next/static/chunks/node_modules_next_dist_7a8122d0._.js:2287
[  770114ms] [LOG] [Fast Refresh] done in 136ms @ http://localhost:3100/_next/static/chunks/node_modules_next_dist_7a8122d0._.js:2287
[  771731ms] [LOG] [Fast Refresh] rebuilding @ http://localhost:3100/_next/static/chunks/node_modules_next_dist_7a8122d0._.js:2287
[  771799ms] [LOG] [Fast Refresh] done in 170ms @ http://localhost:3100/_next/static/chunks/node_modules_next_dist_7a8122d0._.js:2287
[  773619ms] [LOG] [Fast Refresh] rebuilding @ http://localhost:3100/_next/static/chunks/node_modules_next_dist_7a8122d0._.js:2287
[  773632ms] [LOG] [Fast Refresh] done in 115ms @ http://localhost:3100/_next/static/chunks/node_modules_next_dist_7a8122d0._.js:2287
[  775154ms] [LOG] [Fast Refresh] rebuilding @ http://localhost:3100/_next/static/chunks/node_modules_next_dist_7a8122d0._.js:2287
[  775155ms] [LOG] [Fast Refresh] done in 102ms @ http://localhost:3100/_next/static/chunks/node_modules_next_dist_7a8122d0._.js:2287
[  777641ms] [LOG] [Fast Refresh] rebuilding @ http://localhost:3100/_next/static/chunks/node_modules_next_dist_7a8122d0._.js:2287
[  777654ms] [LOG] [Fast Refresh] done in 117ms @ http://localhost:3100/_next/static/chunks/node_modules_next_dist_7a8122d0._.js:2287
[  777935ms] [LOG] [Fast Refresh] rebuilding @ http://localhost:3100/_next/static/chunks/node_modules_next_dist_7a8122d0._.js:2287
[  777951ms] [LOG] [Fast Refresh] done in 117ms @ http://localhost:3100/_next/static/chunks/node_modules_next_dist_7a8122d0._.js:2287
[  778356ms] [LOG] [Fast Refresh] rebuilding @ http://localhost:3100/_next/static/chunks/node_modules_next_dist_7a8122d0._.js:2287
[  778847ms] [LOG] [Fast Refresh] done in 594ms @ http://localhost:3100/_next/static/chunks/node_modules_next_dist_7a8122d0._.js:2287
[  781582ms] [LOG] [Fast Refresh] rebuilding @ http://localhost:3100/_next/static/chunks/node_modules_next_dist_7a8122d0._.js:2287
[  781840ms] [LOG] [Fast Refresh] done in 360ms @ http://localhost:3100/_next/static/chunks/node_modules_next_dist_7a8122d0._.js:2287
[  782705ms] [LOG] [Fast Refresh] rebuilding @ http://localhost:3100/_next/static/chunks/node_modules_next_dist_7a8122d0._.js:2287
[  782947ms] [LOG] [Fast Refresh] done in 342ms @ http://localhost:3100/_next/static/chunks/node_modules_next_dist_7a8122d0._.js:2287
[  784617ms] [LOG] [Fast Refresh] rebuilding @ http://localhost:3100/_next/static/chunks/node_modules_next_dist_7a8122d0._.js:2287
[  784803ms] [LOG] [Fast Refresh] done in 286ms @ http://localhost:3100/_next/static/chunks/node_modules_next_dist_7a8122d0._.js:2287
[  788811ms] [LOG] [Fast Refresh] rebuilding @ http://localhost:3100/_next/static/chunks/node_modules_next_dist_7a8122d0._.js:2287
[  788868ms] [LOG] [Fast Refresh] done in 160ms @ http://localhost:3100/_next/static/chunks/node_modules_next_dist_7a8122d0._.js:2287
[  802625ms] [LOG] [Fast Refresh] rebuilding @ http://localhost:3100/_next/static/chunks/node_modules_next_dist_7a8122d0._.js:2287
[  802660ms] [LOG] [Fast Refresh] done in 138ms @ http://localhost:3100/_next/static/chunks/node_modules_next_dist_7a8122d0._.js:2287
[  806923ms] [LOG] [Fast Refresh] rebuilding @ http://localhost:3100/_next/static/chunks/node_modules_next_dist_7a8122d0._.js:2287
[  806925ms] [LOG] [Fast Refresh] done in 104ms @ http://localhost:3100/_next/static/chunks/node_modules_next_dist_7a8122d0._.js:2287
[ 4733677ms] [ERROR] WebSocket connection to 'ws://localhost:3100/_next/webpack-hmr?id=9msDSt7vzHkDZdnL0IYWD' failed: Error in connection establishment: net::ERR_CONNECTION_REFUSED @ http://localhost:3100/_next/static/chunks/node_modules_next_dist_client_aaee43fe._.js:10116
[ 4734683ms] [ERROR] WebSocket connection to 'ws://localhost:3100/_next/webpack-hmr?id=9msDSt7vzHkDZdnL0IYWD' failed: Error in connection establishment: net::ERR_CONNECTION_REFUSED @ http://localhost:3100/_next/static/chunks/node_modules_next_dist_client_aaee43fe._.js:10116
[ 4735688ms] [ERROR] WebSocket connection to 'ws://localhost:3100/_next/webpack-hmr?id=9msDSt7vzHkDZdnL0IYWD' failed: Error in connection establishment: net::ERR_CONNECTION_REFUSED @ http://localhost:3100/_next/static/chunks/node_modules_next_dist_client_aaee43fe._.js:10116
[ 4736696ms] [ERROR] WebSocket connection to 'ws://localhost:3100/_next/webpack-hmr?id=9msDSt7vzHkDZdnL0IYWD' failed: Error in connection establishment: net::ERR_CONNECTION_REFUSED @ http://localhost:3100/_next/static/chunks/node_modules_next_dist_client_aaee43fe._.js:10116
[ 4737705ms] [ERROR] WebSocket connection to 'ws://localhost:3100/_next/webpack-hmr?id=9msDSt7vzHkDZdnL0IYWD' failed: Error in connection establishment: net::ERR_CONNECTION_REFUSED @ http://localhost:3100/_next/static/chunks/node_modules_next_dist_client_aaee43fe._.js:10116
[ 4742713ms] [ERROR] WebSocket connection to 'ws://localhost:3100/_next/webpack-hmr?id=9msDSt7vzHkDZdnL0IYWD' failed: Error in connection establishment: net::ERR_CONNECTION_REFUSED @ http://localhost:3100/_next/static/chunks/node_modules_next_dist_client_aaee43fe._.js:10116
[ 4747723ms] [ERROR] WebSocket connection to 'ws://localhost:3100/_next/webpack-hmr?id=9msDSt7vzHkDZdnL0IYWD' failed: Error in connection establishment: net::ERR_CONNECTION_REFUSED @ http://localhost:3100/_next/static/chunks/node_modules_next_dist_client_aaee43fe._.js:10116
[ 4752741ms] [ERROR] WebSocket connection to 'ws://localhost:3100/_next/webpack-hmr?id=9msDSt7vzHkDZdnL0IYWD' failed: Error in connection establishment: net::ERR_CONNECTION_REFUSED @ http://localhost:3100/_next/static/chunks/node_modules_next_dist_client_aaee43fe._.js:10116
[ 4757774ms] [ERROR] WebSocket connection to 'ws://localhost:3100/_next/webpack-hmr?id=9msDSt7vzHkDZdnL0IYWD' failed: Error in connection establishment: net::ERR_CONNECTION_REFUSED @ http://localhost:3100/_next/static/chunks/node_modules_next_dist_client_aaee43fe._.js:10116
[ 4762818ms] [ERROR] WebSocket connection to 'ws://localhost:3100/_next/webpack-hmr?id=9msDSt7vzHkDZdnL0IYWD' failed: Error in connection establishment: net::ERR_CONNECTION_REFUSED @ http://localhost:3100/_next/static/chunks/node_modules_next_dist_client_aaee43fe._.js:10116
[ 4767966ms] [ERROR] WebSocket connection to 'ws://localhost:3100/_next/webpack-hmr?id=9msDSt7vzHkDZdnL0IYWD' failed: Error in connection establishment: net::ERR_CONNECTION_REFUSED @ http://localhost:3100/_next/static/chunks/node_modules_next_dist_client_aaee43fe._.js:10116
[ 4773091ms] [ERROR] WebSocket connection to 'ws://localhost:3100/_next/webpack-hmr?id=9msDSt7vzHkDZdnL0IYWD' failed: Error in connection establishment: net::ERR_CONNECTION_REFUSED @ http://localhost:3100/_next/static/chunks/node_modules_next_dist_client_aaee43fe._.js:10116
